Found 14 test(s).
Comuna creada: Santiago
Estado creado: Activo
Genero creado: Masculino
PaÝs creado: Chile
Perfil creado: Administrador
Regi¾n creada: Regi¾n Metropolitana
Estado Eliminado: None
Usuario relacionado: testuser
Estado actualizado: Disponible
Found 14 test(s).
Comuna creada: Santiago
Estado creado: Activo
Genero creado: Masculino
PaÝs creado: Chile
Perfil creado: Administrador
Regi¾n creada: Regi¾n Metropolitana
Estado Eliminado: None
Usuario relacionado: testuser
Estado actualizado: Disponible
Found 14 test(s).
Comuna creada: Santiago
Estado creado: Activo
Genero creado: Masculino
PaÝs creado: Chile
Perfil creado: Administrador
Regi¾n creada: Regi¾n Metropolitana
Estado Eliminado: None
Usuario relacionado: testuser
Estado actualizado: Disponible
Found 3 test(s).
Found 3 test(s).
Found 3 test(s).
Found 1 test(s).
Found 1 test(s).
Found 1 test(s).
Found 1 test(s).
Found 1 test(s).
